../Src/main.c:104:13:ADC1_PA4_Init_ByRegisters	8	static
../Src/main.c:163:17:ADC1_ReadRaw	4	static
../Src/main.c:181:17:ADC1_ReadMovingAverage	16	static
../Src/main.c:225:13:TIM2_CH1_PA5_PWM_Init_ByRegisters	4	static
../Src/main.c:311:13:PWM_SetDutyFromADC	24	static
../Src/main.c:338:13:L298N_DirectionPins_Init_ByRegisters	8	static
../Src/main.c:374:13:L298N_MotorForward	4	static
../Src/main.c:387:13:L298N_MotorReverse	4	static
../Src/main.c:400:13:L298N_MotorStop	4	static
../Src/main.c:416:13:USART2_SendADC_PWM_Values	224	static
../Src/main.c:466:13:HCSR04_DelayUs	24	static
../Src/main.c:503:13:HCSR04_Trigger	8	static
../Src/main.c:552:16:HCSR04_ReadDistance_IC	24	static
../Src/main.c:635:6:HAL_TIM_IC_CaptureCallback	24	static
../Src/main.c:715:13:USART2_SendDistance	176	static
../Src/main.c:750:5:main	32	static
../Src/main.c:828:6:SystemClock_Config	88	static
../Src/main.c:876:13:MX_USART2_UART_Init	8	static
../Src/main.c:909:13:MX_TIM1_Init	24	static
../Src/main.c:940:13:MX_GPIO_Init	48	static
../Src/main.c:986:6:Error_Handler	4	static,ignoring_inline_asm
